// Jest Snapshot v1, https://goo.gl/fbAQLP

exports[`Footer matches snapshot 1`] = `
<footer class="site-footer">© 2017  
  <a href="/">Legal notes</a>
</footer>
`;
